ASxxxx Linker V03.00 + NoICE + sdld,  page 1.
Hexadecimal  [32-Bits]

Area                                    Addr        Size        Decimal Bytes (Attributes)
--------------------------------        ----        ----        ------- ----- ------------
.  .ABS.                            00000000    00000000 =           0. bytes (ABS,CON)

      Value  Global                              Global Defined In Module
      -----  --------------------------------   ------------------------
     00000000  .__.ABS.                           SetTileMap
     00000000  _rRAMG                             
     00000000  l__BASE                         
     00000000  l__BSS                          
     00000000  l__CABS                         
     00000000  l__CODE_0                       
     00000000  l__CRASH_HEADER                 
     00000000  l__CRASH_SCRATCH                
     00000000  l__DABS                         
     00000000  l__HEADER                       
     00000000  l__HEADER_LCD                   
     00000000  l__HEADER_SIO                   
     00000000  l__HEADER_TIMER                 
     00000000  l__HEAP                         
     00000000  l__HRAM                         
     00000000  l__LIT                          
     00000000  s__CABS                         
     00000000  s__CRASH_HEADER                 
     00000000  s__CRASH_HEADER0                
     00000000  s__CRASH_HEADER1                
     00000000  s__CRASH_SCRATCH                
     00000000  s__CRASH_SCRATCH2               
     00000000  s__DABS                         
     00000000  s__HEADER                       
     00000000  s__HEADER0                      
     00000000  s__HEADER1                      
     00000000  s__HEADER10                     
     00000000  s__HEADER11                     
     00000000  s__HEADER2                      
     00000000  s__HEADER3                      
     00000000  s__HEADER4                      
     00000000  s__HEADER5                      
     00000000  s__HEADER6                      
     00000000  s__HEADER7                      
     00000000  s__HEADER8                      
     00000000  s__HEADER9                      
     00000000  s__HEADER_LCD                   
     00000000  s__HEADER_LCD0                  
     00000000  s__HEADER_SIO                   
     00000000  s__HEADER_SIO0                  
     00000000  s__HEADER_TIMER                 
     00000000  s__HEADER_TIMER0                
     00000000  s__HEADERa                      
     00000000  s__HEADERb                      
     00000000  s__HEADERc                      
     00000000  s__HEADERd                      
     00000000  s__HEADERe                      
     00000000  s__HEADERf                      
     00000000  s__HRAM                         
     00000000  s__HRAM12                       
ASxxxx Linker V03.00 + NoICE + sdld,  page 2.
Hexadecimal  [32-Bits]

Area                                    Addr        Size        Decimal Bytes (Attributes)
--------------------------------        ----        ----        ------- ----- ------------
.  .ABS.                            00000000    00000000 =           0. bytes (ABS,CON)

      Value  Global                              Global Defined In Module
      -----  --------------------------------   ------------------------
     00000001  b_activate_actor                   actor
     00000001  b_activate_actors_in_col           actor
     00000001  b_activate_actors_in_row           actor
     00000001  b_actor_at_tile                    actor
     00000001  b_actor_get_frame_offset           actor
     00000001  b_actor_in_front_of_player         actor
     00000001  b_actor_overlapping_bb             actor
     00000001  b_actor_overlapping_player         actor
     00000001  b_actor_set_anim_idle              actor
     00000001  b_actor_set_anim_moving            actor
     00000001  b_actor_set_dir                    actor
     00000001  b_actor_set_frame_offset           actor
     00000001  b_actor_set_frames                 actor
     00000001  b_actors_handle_player_collision   actor
     00000001  b_actors_init                      actor
     00000001  b_camera_init                      camera
     00000001  b_camera_reset                     camera
     00000001  b_check_collision_in_direction     actor
     00000001  b_deactivate_actor                 actor
     00000001  b_parallax_init                    parallax
     00000001  b_player_init                      actor
     00000001  b_remove_LCD_ISRs                  interrupts
     00000001  b_scroll_init                      scroll
     00000001  b_scroll_repaint                   scroll
     00000001  b_scroll_reset                     scroll
     00000001  b_scroll_update                    scroll
     00000001  b_ui_draw_frame                    ui
     00000001  b_ui_draw_text_buffer_char         ui
     00000001  b_ui_init                          ui
     00000001  b_ui_load_tiles                    ui
     00000001  b_ui_run_menu                      ui
     00000001  b_ui_run_modal                     ui
     00000001  l__GSFINAL                      
     00000001  l__HEADER0                      
     00000001  l__HEADER11                     
     00000001  l__HEADER9                      
     00000001  l__HEADERa                      
     00000001  l__HEADERb                      
     00000001  l__HEADERd                      
     00000001  l__HEADERe                      
     00000002  b_camera_shake_frames              vm_camera
     00000002  b_itoa_fmt                         vm_ui_a
     00000002  b_script_execute                   vm
     00000002  b_script_runner_init               vm
     00000002  b_script_terminate                 vm
     00000002  b_scroll_rect                      
     00000002  b_vm_actor_activate                vm_actor
     00000002  b_vm_actor_deactivate              vm_actor
     00000002  b_vm_actor_emote                   vm_actor
     00000002  b_vm_actor_get_angle               vm_actor
     00000002  b_vm_actor_get_anim_frame          vm_actor
ASxxxx Linker V03.00 + NoICE + sdld,  page 3.
Hexadecimal  [32-Bits]

Area                                    Addr        Size        Decimal Bytes (Attributes)
--------------------------------        ----        ----        ------- ----- ------------
.  .ABS.                            00000000    00000000 =           0. bytes (ABS,CON)

      Value  Global                              Global Defined In Module
      -----  --------------------------------   ------------------------
     00000002  b_vm_actor_get_dir                 vm_actor
     00000002  b_vm_actor_get_pos                 vm_actor
     00000002  b_vm_actor_move_to                 vm_actor
     00000002  b_vm_actor_replace_tile            vm_actor
     00000002  b_vm_actor_set_anim                vm_actor
     00000002  b_vm_actor_set_anim_frame          vm_actor
     00000002  b_vm_actor_set_anim_set            vm_actor
     00000002  b_vm_actor_set_anim_tick           vm_actor
     00000002  b_vm_actor_set_bounds              vm_actor
     00000002  b_vm_actor_set_coll_enabled        vm_actor
     00000002  b_vm_actor_set_dir                 vm_actor
     00000002  b_vm_actor_set_hidden              vm_actor
     00000002  b_vm_actor_set_move_speed          vm_actor
     00000002  b_vm_actor_set_pos                 vm_actor
     00000002  b_vm_actor_set_spritesheet         vm_actor
     00000002  b_vm_actor_set_spritesheet_by_re   vm_actor
     00000002  b_vm_actor_terminate_update        vm_actor
     00000002  b_vm_call                          vm
     00000002  b_vm_call_far                      vm
     00000002  b_vm_call_rel                      vm
     00000002  b_vm_camera_move_to                vm_camera
     00000002  b_vm_camera_set_pos                vm_camera
     00000002  b_vm_choice                        vm_ui
     00000002  b_vm_context_prepare               vm_gameboy
     00000002  b_vm_cos_scale                     vm_math
     00000002  b_vm_display_text                  vm_ui
     00000002  b_vm_fade                          vm_gameboy
     00000002  b_vm_get_indirect                  vm
     00000002  b_vm_get_int16                     vm
     00000002  b_vm_get_int8                      vm
     00000002  b_vm_get_tile_xy                   vm_gameboy
     00000002  b_vm_get_tlocal                    vm
     00000002  b_vm_get_uint8                     vm
     00000002  b_vm_idle                          vm
     00000002  b_vm_if                            vm
     00000002  b_vm_if_const                      vm
     00000002  b_vm_input_attach                  vm_gameboy
     00000002  b_vm_input_detach                  vm_gameboy
     00000002  b_vm_input_get                     vm_gameboy
     00000002  b_vm_input_wait                    vm_gameboy
     00000002  b_vm_invoke                        vm
     00000002  b_vm_join                          vm
     00000002  b_vm_jump                          vm
     00000002  b_vm_jump_rel                      vm
     00000002  b_vm_load_cursor                   vm_ui
     00000002  b_vm_load_frame                    vm_ui
     00000002  b_vm_load_palette                  vm_palette
     00000002  b_vm_lock                          vm
     00000002  b_vm_loop                          vm
     00000002  b_vm_loop_rel                      vm
     00000002  b_vm_memcpy                        vm
ASxxxx Linker V03.00 + NoICE + sdld,  page 4.
Hexadecimal  [32-Bits]

Area                                    Addr        Size        Decimal Bytes (Attributes)
--------------------------------        ----        ----        ------- ----- ------------
.  .ABS.                            00000000    00000000 =           0. bytes (ABS,CON)

      Value  Global                              Global Defined In Module
      -----  --------------------------------   ------------------------
     00000002  b_vm_memset                        vm
     00000002  b_vm_music_mute                    vm_music
     00000002  b_vm_music_play                    vm_music
     00000002  b_vm_music_routine                 vm_music
     00000002  b_vm_music_setpos                  vm_music
     00000002  b_vm_music_stop                    vm_music
     00000002  b_vm_overlay_clear                 vm_ui
     00000002  b_vm_overlay_hide                  vm_ui
     00000002  b_vm_overlay_move_to               vm_ui
     00000002  b_vm_overlay_scroll                vm_ui
     00000002  b_vm_overlay_set_scroll            vm_ui
     00000002  b_vm_overlay_set_submap            vm_ui
     00000002  b_vm_overlay_setpos                vm_ui
     00000002  b_vm_overlay_show                  vm_ui
     00000002  b_vm_overlay_wait                  vm_ui
     00000002  b_vm_poll                          vm_gameboy
     00000002  b_vm_poll_loaded                   vm
     00000002  b_vm_pop                           vm
     00000002  b_vm_projectile_launch             vm_projectiles
     00000002  b_vm_push                          vm
     00000002  b_vm_push_reference                vm
     00000002  b_vm_push_value                    vm
     00000002  b_vm_push_value_ind                vm
     00000002  b_vm_raise                         vm
     00000002  b_vm_rand                          vm
     00000002  b_vm_randomize                     vm
     00000002  b_vm_replace_tile                  vm_gameboy
     00000002  b_vm_replace_tile_xy               vm_gameboy
     00000002  b_vm_reserve                       vm
     00000002  b_vm_ret                           vm
     00000002  b_vm_ret_far                       vm
     00000002  b_vm_rtc_get                       vm_rtc
     00000002  b_vm_rtc_latch                     vm_rtc
     00000002  b_vm_rtc_set                       vm_rtc
     00000002  b_vm_rtc_start                     vm_rtc
     00000002  b_vm_rumble                        vm_gameboy
     00000002  b_vm_save_clear                    vm_load_save
     00000002  b_vm_save_peek                     vm_load_save
     00000002  b_vm_scene_pop                     vm_scene
     00000002  b_vm_scene_pop_all                 vm_scene
     00000002  b_vm_scene_push                    vm_scene
     00000002  b_vm_scene_stack_reset             vm_scene
     00000002  b_vm_set                           vm
     00000002  b_vm_set_const                     vm
     00000002  b_vm_set_const_int16               vm
     00000002  b_vm_set_const_int8                vm
     00000002  b_vm_set_font                      vm_ui
     00000002  b_vm_set_indirect                  vm
     00000002  b_vm_set_int16                     vm
     00000002  b_vm_set_int8                      vm
     00000002  b_vm_set_print_dir                 vm_ui
ASxxxx Linker V03.00 + NoICE + sdld,  page 5.
Hexadecimal  [32-Bits]

Area                                    Addr        Size        Decimal Bytes (Attributes)
--------------------------------        ----        ----        ------- ----- ------------
.  .ABS.                            00000000    00000000 =           0. bytes (ABS,CON)

      Value  Global                              Global Defined In Module
      -----  --------------------------------   ------------------------
     00000002  b_vm_set_sprite_mode               vm_gameboy
     00000002  b_vm_set_sprites_visible           vm_gameboy
     00000002  b_vm_set_text_sound                vm_ui
     00000002  b_vm_set_uint8                     vm
     00000002  b_vm_sin_scale                     vm_math
     00000002  b_vm_sio_exchange                  vm_sio
     00000002  b_vm_sio_set_mode                  vm_sio
     00000002  b_vm_sound_mastervol               vm_music
     00000002  b_vm_sound_play                    vm_music
     00000002  b_vm_switch_text_layer             vm_ui
     00000002  b_vm_systime                       vm
     00000002  b_vm_terminate                     vm
     00000002  b_vm_test_terminate                vm
     00000002  b_vm_timer_prepare                 vm_gameboy
     00000002  b_vm_timer_reset                   vm_gameboy
     00000002  b_vm_timer_set                     vm_gameboy
     00000002  b_vm_timer_stop                    vm_gameboy
     00000002  b_vm_unlock                        vm
     00000002  b_vm_wave_play                     vm_music
     00000002  b_wait_frames                      vm
     00000002  l__HEADER5                      
     00000002  l__HEADERc                      
     00000002  l__HEADERf                      
     00000003  b_adventure_init                   adventure
     00000003  b_adventure_update                 adventure
     00000003  b_logo_init                        logo
     00000003  b_logo_update                      logo
     00000003  b_platform_init                    platform
     00000003  b_platform_update                  platform
     00000003  b_pointnclick_init                 pointnclick
     00000003  b_pointnclick_update               pointnclick
     00000003  b_shmup_init                       shmup
     00000003  b_shmup_update                     shmup
     00000003  b_topdown_init                     topdown
     00000003  b_topdown_update                   topdown
     00000003  l__HEADER8                      
     00000003  l__HEADER_LCD0                  
     00000003  l__HRAM12                       
     00000004  b_CGBZeroPalette                   palette
     00000004  b_SIO_init                         sio
     00000004  b_core_reset                       core
     00000004  b_core_run                         core
     00000004  b_data_clear                       load_save
     00000004  b_data_init                        load_save
     00000004  b_data_load                        load_save
     00000004  b_data_peek                        load_save
     00000004  b_data_save                        load_save
     00000004  b_do_load_palette                  data_manager
     00000004  b_events_init                      events
     00000004  b_fade_applypalettechange          fade_manager
     00000004  b_fade_in                          fade_manager
ASxxxx Linker V03.00 + NoICE + sdld,  page 6.
Hexadecimal  [32-Bits]

Area                                    Addr        Size        Decimal Bytes (Attributes)
--------------------------------        ----        ----        ------- ----- ------------
.  .ABS.                            00000000    00000000 =           0. bytes (ABS,CON)

      Value  Global                              Global Defined In Module
      -----  --------------------------------   ------------------------
     00000004  b_fade_in_modal                    fade_manager
     00000004  b_fade_init                        fade_manager
     00000004  b_fade_out                         fade_manager
     00000004  b_fade_out_modal                   fade_manager
     00000004  b_fade_setspeed                    fade_manager
     00000004  b_fade_update                      fade_manager
     00000004  b_input_init                       input
     00000004  b_load_background                  data_manager
     00000004  b_load_bkg_tileset                 data_manager
     00000004  b_load_bounds                      data_manager
     00000004  b_load_emote                       data_manager
     00000004  b_load_init                        data_manager
     00000004  b_load_player                      data_manager
     00000004  b_load_scene                       data_manager
     00000004  b_load_sprite                      data_manager
     00000004  b_music_events_poll                music_manager
     00000004  b_music_init                       music_manager
     00000004  b_music_stop                       music_manager
     00000004  b_palette_init                     palette
     00000004  b_projectile_launch                projectiles
     00000004  b_projectiles_init                 projectiles
     00000004  b_restore_sram                     flasher
     00000004  b_restore_sram_bank                flasher
     00000004  b_save_sram                        flasher
     00000004  b_set_sample                       sample_player
     00000004  b_set_sgb_border                   sgb_border
     00000004  b_sound_init                       music_manager
     00000004  b_sound_play                       music_manager
     00000004  b_timers_init                      events
     00000004  b_trigger_activate_at              trigger
     00000004  b_trigger_activate_at_intersecti   trigger
     00000004  b_trigger_at_intersection          trigger
     00000004  b_trigger_at_tile                  trigger
     00000004  b_trigger_interact                 trigger
     00000004  b_trigger_reset                    trigger
     00000004  b_wave_play                        music_manager
     00000004  l__CRASH_HEADER1                
     00000004  l__HEADER_SIO0                  
     00000004  l__HEADER_TIMER0                
     00000005  ___bank_scene_10_sprites           scene_10_sprites
     00000005  ___bank_scene_13_sprites           scene_13_sprites
     00000005  ___bank_scene_69_collisions        scene_69_collisions
     00000005  ___bank_tileset_12                 tileset_12
     00000005  l__CRASH_HEADER0                
     00000005  l__HEADER1                      
     00000006  ___bank_script_s20t14_interact     script_s20t14_interact
     00000006  ___bank_tilemap_45                 tilemap_45
     00000006  ___bank_tileset_3                  tileset_3
     00000006  l__HEADER7                      
     00000007  ___bank_scene_4_collisions         scene_4_collisions
     00000007  ___bank_script_s0t7_interact       script_s0t7_interact
ASxxxx Linker V03.00 + NoICE + sdld,  page 7.
Hexadecimal  [32-Bits]

Area                                    Addr        Size        Decimal Bytes (Attributes)
--------------------------------        ----        ----        ------- ----- ------------
.  .ABS.                            00000000    00000000 =           0. bytes (ABS,CON)

      Value  Global                              Global Defined In Module
      -----  --------------------------------   ------------------------
     00000007  ___bank_tilemap_attr_24            tilemap_attr_24
     00000007  l__HEADER2                      
     00000008  ___bank_scene_20_collisions        scene_20_collisions
     00000008  ___bank_script_s71a2_interact      script_s71a2_interact
     00000008  ___bank_tileset_25                 tileset_25
     00000008  l__HEADER3                      
     00000009  ___bank_font_0                     font_0
     00000009  ___bank_scene_26_collisions        scene_26_collisions
     00000009  ___bank_script_s50_init            script_s50_init
     0000000A  ___bank_scene_1_collisions         scene_1_collisions
     0000000A  ___bank_scene_26_sprites           scene_26_sprites
     0000000A  ___bank_scene_30_collisions        scene_30_collisions
     0000000A  ___bank_tileset_26                 tileset_26
     0000000B  ___bank_scene_40_collisions        scene_40_collisions
     0000000B  ___bank_script_s79t9_interact      script_s79t9_interact
     0000000B  ___bank_tileset_21                 tileset_21
     0000000C  ___bank_scene_100_sprites          scene_100_sprites
     0000000C  ___bank_scene_13_collisions        scene_13_collisions
     0000000C  ___bank_script_s26t5_interact      script_s26t5_interact
     0000000C  ___bank_tilemap_32                 tilemap_32
     0000000D  ___bank_scene_0_sprites            scene_0_sprites
     0000000D  ___bank_scene_26_actors            scene_26_actors
     0000000D  ___bank_scene_94_collisions        scene_94_collisions
     0000000D  ___bank_tilemap_33                 tilemap_33
     0000000E  ___bank_scene_24_sprites           scene_24_sprites
     0000000E  ___bank_scene_3_actors             scene_3_actors
     0000000E  ___bank_tilemap_28                 tilemap_28
     0000000E  ___bank_tilemap_34                 tilemap_34
     0000000F  ___bank_cursor_image               cursor_image
     0000000F  ___bank_script_s20a1_interact      script_s20a1_interact
     0000000F  ___bank_tilemap_29                 tilemap_29
     0000000F  ___bank_tilemap_attr_15            tilemap_attr_15
     00000010  ___bank_script_s26a3_interact      script_s26a3_interact
     00000010  ___bank_tilemap_attr_11            tilemap_attr_11
     00000010  ___bank_tilemap_attr_16            tilemap_attr_16
     00000010  ___bank_tileset_50                 tileset_50
     00000010  l__INITIALIZED                  
     00000010  l__INITIALIZER                  
     00000011  ___bank_scene_21_triggers          scene_21_triggers
     00000011  ___bank_tilemap_attr_12            tilemap_attr_12
     00000011  ___bank_tilemap_attr_17            tilemap_attr_17
     00000011  ___bank_tileset_5                  tileset_5
     00000012  ___bank_script_s31t2_interact      script_s31t2_interact
     00000012  ___bank_tilemap_attr_20            tilemap_attr_20
     00000012  ___bank_tileset_0                  tileset_0
     00000013  ___bank_scene_31_collisions        scene_31_collisions
     00000013  ___bank_scene_31_sprites           scene_31_sprites
     00000013  ___bank_scene_53_collisions        scene_53_collisions
     00000013  ___bank_scene_54_collisions        scene_54_collisions
     00000013  ___bank_script_s99_init            script_s99_init
     00000014  ___bank_scene_38_collisions        scene_38_collisions
ASxxxx Linker V03.00 + NoICE + sdld,  page 8.
Hexadecimal  [32-Bits]

Area                                    Addr        Size        Decimal Bytes (Attributes)
--------------------------------        ----        ----        ------- ----- ------------
.  .ABS.                            00000000    00000000 =           0. bytes (ABS,CON)

      Value  Global                              Global Defined In Module
      -----  --------------------------------   ------------------------
     00000014  ___bank_scene_68_collisions        scene_68_collisions
     00000014  ___bank_scene_79_collisions        scene_79_collisions
     00000014  ___bank_script_s22_init            script_s22_init
     00000014  ___bank_script_s98_init            script_s98_init
     00000015  ___bank_scene_52_collisions        scene_52_collisions
     00000015  ___bank_script_s23t1_interact      script_s23t1_interact
     00000015  ___bank_script_s38t2_interact      script_s38t2_interact
     00000015  ___bank_tilemap_38                 tilemap_38
     00000015  ___bank_tilemap_39                 tilemap_39
     00000016  ___bank_scene_65_collisions        scene_65_collisions
     00000016  ___bank_script_s24t1_interact      script_s24t1_interact
     00000016  ___bank_script_s52t2_interact      script_s52t2_interact
     00000016  ___bank_tilemap_43                 tilemap_43
     00000016  ___bank_tilemap_attr_22            tilemap_attr_22
     00000017  ___bank_scene_32_collisions        scene_32_collisions
     00000017  ___bank_scene_95_collisions        scene_95_collisions
     00000017  ___bank_scene_98_collisions        scene_98_collisions
     00000017  ___bank_script_s65_init            script_s65_init
     00000018  ___bank_scene_14_sprites           scene_14_sprites
     00000018  ___bank_scene_39_collisions        scene_39_collisions
     00000018  ___bank_scene_99_collisions        scene_99_collisions
     00000018  ___bank_script_s78_init            script_s78_init
     00000018  ___bank_tilemap_46                 tilemap_46
     00000019  ___bank_scene_56_collisions        scene_56_collisions
     00000019  ___bank_scene_67_collisions        scene_67_collisions
     00000019  ___bank_script_s101_init           script_s101_init
     00000019  ___bank_tilemap_attr_25            tilemap_attr_25
     0000001A  ___bank_music_track_3__Data        music_track_3__Data
     0000001A  ___bank_scene_40_sprites           scene_40_sprites
     0000001A  ___bank_scene_78_collisions        scene_78_collisions
     0000001A  ___bank_tilemap_37                 tilemap_37
     0000001A  ___bank_tilemap_42                 tilemap_42
     0000001B  ___bank_scene_0_collisions         scene_0_collisions
     0000001B  ___bank_script_s69t0_interact      script_s69t0_interact
     0000001B  ___bank_tilemap_attr_21            tilemap_attr_21
     0000001B  ___bank_tilemap_attr_23            tilemap_attr_23
     0000001B  ___bank_tileset_10                 tileset_10
     0000001C  ___bank_scene_69_triggers          scene_69_triggers
     0000001C  ___bank_tilemap_31                 tilemap_31
     0000001C  ___bank_tilemap_35                 tilemap_35
     0000001C  ___bank_tilemap_attr_14            tilemap_attr_14
     0000001C  ___bank_tileset_38                 tileset_38
     0000001D  ___bank_scene_2_sprites            scene_2_sprites
     0000001D  ___bank_scene_73_collisions        scene_73_collisions
     0000001D  ___bank_scene_8_collisions         scene_8_collisions
     0000001D  ___bank_script_s32t12_interact     script_s32t12_interact
     0000001D  ___bank_tilemap_54                 tilemap_54
     0000001D  ___bank_tilemap_attr_18            tilemap_attr_18
     0000001E  ___bank_scene_22_sprites           scene_22_sprites
     0000001E  ___bank_scene_77_collisions        scene_77_collisions
     0000001E  ___bank_scene_80_collisions        scene_80_collisions
ASxxxx Linker V03.00 + NoICE + sdld,  page 9.
Hexadecimal  [32-Bits]

Area                                    Addr        Size        Decimal Bytes (Attributes)
--------------------------------        ----        ----        ------- ----- ------------
.  .ABS.                            00000000    00000000 =           0. bytes (ABS,CON)

      Value  Global                              Global Defined In Module
      -----  --------------------------------   ------------------------
     0000001E  ___bank_tilemap_36                 tilemap_36
     0000001E  ___bank_tilemap_64                 tilemap_64
     0000001E  ___bank_tilemap_attr_31            tilemap_attr_31
     0000001E  ___bank_tileset_66                 tileset_66
     0000001F  ___bank_script_s20t4_interact      script_s20t4_interact
     0000001F  ___bank_tilemap_40                 tilemap_40
     0000001F  ___bank_tilemap_41                 tilemap_41
     0000001F  ___bank_tilemap_44                 tilemap_44
     0000001F  ___bank_tilemap_attr_19            tilemap_attr_19
     0000001F  ___bank_tileset_27                 tileset_27
     00000020  ___bank_scene_7_collisions         scene_7_collisions
     00000020  ___bank_scene_83_collisions        scene_83_collisions
     00000020  ___bank_tilemap_48                 tilemap_48
     00000020  ___bank_tilemap_attr_26            tilemap_attr_26
     00000020  ___bank_tileset_14                 tileset_14
     00000021  ___bank_scene_20_sprites           scene_20_sprites
     00000021  ___bank_script_s102_init           script_s102_init
     00000021  ___bank_tilemap_49                 tilemap_49
     00000021  ___bank_tilemap_attr_27            tilemap_attr_27
     00000021  ___bank_tileset_16                 tileset_16
     00000021  ___bank_tileset_22                 tileset_22
     00000021  ___bank_tileset_29                 tileset_29
     00000022  ___bank_music_track_0__Data        music_track_0__Data
     00000022  ___bank_scene_3_collisions         scene_3_collisions
     00000022  ___bank_script_s8_init             script_s8_init
     00000022  ___bank_tileset_15                 tileset_15
     00000022  ___bank_tileset_17                 tileset_17
     00000022  ___bank_tileset_20                 tileset_20
     00000022  ___bank_tileset_6                  tileset_6
     00000023  ___bank_scene_5_collisions         scene_5_collisions
     00000023  ___bank_script_s67_init            script_s67_init
     00000023  ___bank_tilemap_20                 tilemap_20
     00000023  ___bank_tilemap_attr_41            tilemap_attr_41
     00000023  ___bank_tilemap_attr_9             tilemap_attr_9
     00000023  ___bank_tileset_13                 tileset_13
     00000023  ___bank_tileset_18                 tileset_18
     00000024  ___bank_script_s30a3_interact      script_s30a3_interact
     00000024  ___bank_script_s87a1_interact      script_s87a1_interact
     00000024  ___bank_tilemap_53                 tilemap_53
     00000024  ___bank_tilemap_attr_30            tilemap_attr_30
     00000024  ___bank_tileset_11                 tileset_11
     00000024  ___bank_tileset_19                 tileset_19
     00000024  ___bank_tileset_28                 tileset_28
     00000024  ___bank_tileset_40                 tileset_40
     00000025  ___bank_background_0               background_0
     00000025  ___bank_music_track_1__Data        music_track_1__Data
     00000025  ___bank_script_s49t1_interact      script_s49t1_interact
     00000025  ___bank_tileset_2                  tileset_2
     00000025  ___bank_tileset_30                 tileset_30
     00000025  ___bank_tileset_31                 tileset_31
     00000025  ___bank_tileset_32                 tileset_32
ASxxxx Linker V03.00 + NoICE + sdld,  page 10.
Hexadecimal  [32-Bits]

Area                                    Addr        Size        Decimal Bytes (Attributes)
--------------------------------        ----        ----        ------- ----- ------------
.  .ABS.                            00000000    00000000 =           0. bytes (ABS,CON)

      Value  Global                              Global Defined In Module
      -----  --------------------------------   ------------------------
     00000025  ___bank_tileset_33                 tileset_33
     00000025  ___bank_tileset_34                 tileset_34
     00000025  ___bank_tileset_35                 tileset_35
     00000025  ___bank_tileset_36                 tileset_36
     00000025  ___bank_tileset_39                 tileset_39
     00000025  ___bank_tileset_41                 tileset_41
     00000025  ___bank_tileset_7                  tileset_7
     00000025  ___bank_tileset_9                  tileset_9
     00000026  ___bank_music_track_2__Data        music_track_2__Data
     00000026  ___bank_music_track_4__Data        music_track_4__Data
     00000026  ___bank_scene_10_collisions        scene_10_collisions
     00000026  ___bank_scene_13_actors            scene_13_actors
     00000026  ___bank_scene_69_actors            scene_69_actors
     00000026  ___bank_scene_93_collisions        scene_93_collisions
     00000026  ___bank_scene_94_actors            scene_94_actors
     00000026  ___bank_scene_9_collisions         scene_9_collisions
     00000026  ___bank_script_s30a1_interact      script_s30a1_interact
     00000026  ___bank_script_s32t2_interact      script_s32t2_interact
     00000026  ___bank_script_s69_init            script_s69_init
     00000026  ___bank_script_s69t4_interact      script_s69t4_interact
     00000026  ___bank_script_s79_init            script_s79_init
     00000026  ___bank_script_s79t12_interact     script_s79t12_interact
     00000026  ___bank_tilemap_30                 tilemap_30
     00000026  ___bank_tilemap_55                 tilemap_55
     00000026  ___bank_tilemap_56                 tilemap_56
     00000026  ___bank_tilemap_attr_13            tilemap_attr_13
     00000026  ___bank_tilemap_attr_32            tilemap_attr_32
     00000026  ___bank_tilemap_attr_33            tilemap_attr_33
     00000026  ___bank_tileset_1                  tileset_1
     00000026  ___bank_tileset_23                 tileset_23
     00000026  ___bank_tileset_24                 tileset_24
     00000026  ___bank_tileset_37                 tileset_37
     00000026  ___bank_tileset_4                  tileset_4
     00000026  ___bank_tileset_51                 tileset_51
     00000026  ___bank_tileset_8                  tileset_8
     00000027  ___bank_scene_100_collisions       scene_100_collisions
     00000027  ___bank_scene_101_collisions       scene_101_collisions
     00000027  ___bank_scene_102_collisions       scene_102_collisions
     00000027  ___bank_scene_103_collisions       scene_103_collisions
     00000027  ___bank_scene_104_collisions       scene_104_collisions
     00000027  ___bank_scene_105_collisions       scene_105_collisions
     00000027  ___bank_scene_11_collisions        scene_11_collisions
     00000027  ___bank_scene_12_collisions        scene_12_collisions
     00000027  ___bank_scene_14_collisions        scene_14_collisions
     00000027  ___bank_scene_15_collisions        scene_15_collisions
     00000027  ___bank_scene_16_collisions        scene_16_collisions
     00000027  ___bank_scene_17_collisions        scene_17_collisions
     00000027  ___bank_scene_18_collisions        scene_18_collisions
     00000027  ___bank_scene_19_collisions        scene_19_collisions
     00000027  ___bank_scene_21_collisions        scene_21_collisions
     00000027  ___bank_scene_22_collisions        scene_22_collisions
ASxxxx Linker V03.00 + NoICE + sdld,  page 11.
Hexadecimal  [32-Bits]

Area                                    Addr        Size        Decimal Bytes (Attributes)
--------------------------------        ----        ----        ------- ----- ------------
.  .ABS.                            00000000    00000000 =           0. bytes (ABS,CON)

      Value  Global                              Global Defined In Module
      -----  --------------------------------   ------------------------
     00000027  ___bank_scene_23_collisions        scene_23_collisions
     00000027  ___bank_scene_24_collisions        scene_24_collisions
     00000027  ___bank_scene_25_collisions        scene_25_collisions
     00000027  ___bank_scene_27_collisions        scene_27_collisions
     00000027  ___bank_scene_28_collisions        scene_28_collisions
     00000027  ___bank_scene_29_collisions        scene_29_collisions
     00000027  ___bank_scene_2_collisions         scene_2_collisions
     00000027  ___bank_scene_33_collisions        scene_33_collisions
     00000027  ___bank_scene_34_collisions        scene_34_collisions
     00000027  ___bank_scene_35_collisions        scene_35_collisions
     00000027  ___bank_scene_36_collisions        scene_36_collisions
     00000027  ___bank_scene_37_collisions        scene_37_collisions
     00000027  ___bank_scene_41_collisions        scene_41_collisions
     00000027  ___bank_scene_95_actors            scene_95_actors
     00000027  ___bank_scene_98_actors            scene_98_actors
     00000027  ___bank_scene_99_actors            scene_99_actors
     00000027  ___bank_script_s20a2_interact      script_s20a2_interact
     00000027  ___bank_script_s24t0_interact      script_s24t0_interact
     00000027  ___bank_script_s25t0_interact      script_s25t0_interact
     00000027  ___bank_script_s26t6_interact      script_s26t6_interact
     00000027  ___bank_script_s30a2_interact      script_s30a2_interact
     00000027  ___bank_script_s39t11_interact     script_s39t11_interact
     00000027  ___bank_script_s63a2_interact      script_s63a2_interact
     00000027  ___bank_script_s65t2_interact      script_s65t2_interact
     00000027  ___bank_script_s73t2_interact      script_s73t2_interact
     00000027  ___bank_script_s74a2_interact      script_s74a2_interact
     00000027  ___bank_script_s77t2_interact      script_s77t2_interact
     00000028  ___bank_scene_42_collisions        scene_42_collisions
     00000028  ___bank_scene_43_collisions        scene_43_collisions
     00000028  ___bank_scene_44_collisions        scene_44_collisions
     00000028  ___bank_scene_45_collisions        scene_45_collisions
     00000028  ___bank_scene_46_collisions        scene_46_collisions
     00000028  ___bank_scene_47_collisions        scene_47_collisions
     00000028  ___bank_scene_48_collisions        scene_48_collisions
     00000028  ___bank_scene_49_collisions        scene_49_collisions
     00000028  ___bank_scene_50_collisions        scene_50_collisions
     00000028  ___bank_scene_51_collisions        scene_51_collisions
     00000028  ___bank_scene_55_collisions        scene_55_collisions
     00000028  ___bank_scene_57_collisions        scene_57_collisions
     00000028  ___bank_scene_58_collisions        scene_58_collisions
     00000028  ___bank_scene_59_collisions        scene_59_collisions
     00000028  ___bank_scene_60_collisions        scene_60_collisions
     00000028  ___bank_scene_61_collisions        scene_61_collisions
     00000028  ___bank_scene_62_collisions        scene_62_collisions
     00000028  ___bank_scene_63_collisions        scene_63_collisions
     00000028  ___bank_scene_64_collisions        scene_64_collisions
     00000028  ___bank_scene_66_collisions        scene_66_collisions
     00000028  ___bank_scene_6_collisions         scene_6_collisions
     00000028  ___bank_scene_70_collisions        scene_70_collisions
     00000028  ___bank_scene_71_collisions        scene_71_collisions
     00000028  ___bank_scene_72_collisions        scene_72_collisions
ASxxxx Linker V03.00 + NoICE + sdld,  page 12.
Hexadecimal  [32-Bits]

Area                                    Addr        Size        Decimal Bytes (Attributes)
--------------------------------        ----        ----        ------- ----- ------------
.  .ABS.                            00000000    00000000 =           0. bytes (ABS,CON)

      Value  Global                              Global Defined In Module
      -----  --------------------------------   ------------------------
     00000028  ___bank_scene_74_collisions        scene_74_collisions
     00000028  ___bank_scene_75_collisions        scene_75_collisions
     00000028  ___bank_scene_76_collisions        scene_76_collisions
     00000028  ___bank_scene_81_collisions        scene_81_collisions
     00000028  ___bank_scene_82_collisions        scene_82_collisions
     00000028  ___bank_scene_84_collisions        scene_84_collisions
     00000028  ___bank_scene_85_collisions        scene_85_collisions
     00000028  ___bank_scene_86_collisions        scene_86_collisions
     00000028  ___bank_scene_87_collisions        scene_87_collisions
     00000028  ___bank_scene_88_collisions        scene_88_collisions
     00000028  ___bank_scene_89_collisions        scene_89_collisions
     00000028  ___bank_scene_90_collisions        scene_90_collisions
     00000028  ___bank_scene_91_collisions        scene_91_collisions
     00000028  ___bank_scene_92_collisions        scene_92_collisions
     00000028  ___bank_scene_96_collisions        scene_96_collisions
     00000028  ___bank_scene_97_collisions        scene_97_collisions
     00000028  ___bank_script_s20t7_interact      script_s20t7_interact
     00000028  ___bank_tilemap_0                  tilemap_0
     00000028  ___bank_tilemap_1                  tilemap_1
     00000028  ___bank_tilemap_10                 tilemap_10
     00000028  ___bank_tilemap_11                 tilemap_11
     00000028  ___bank_tilemap_12                 tilemap_12
     00000029  ___bank_script_s26t7_interact      script_s26t7_interact
     00000029  ___bank_tilemap_13                 tilemap_13
     00000029  ___bank_tilemap_14                 tilemap_14
     00000029  ___bank_tilemap_15                 tilemap_15
     00000029  ___bank_tilemap_16                 tilemap_16
     00000029  ___bank_tilemap_17                 tilemap_17
     00000029  ___bank_tilemap_18                 tilemap_18
     00000029  ___bank_tilemap_19                 tilemap_19
     00000029  ___bank_tilemap_2                  tilemap_2
     00000029  ___bank_tilemap_21                 tilemap_21
     00000029  ___bank_tilemap_22                 tilemap_22
     00000029  ___bank_tilemap_23                 tilemap_23
     00000029  ___bank_tilemap_24                 tilemap_24
     00000029  ___bank_tilemap_25                 tilemap_25
     00000029  ___bank_tilemap_26                 tilemap_26
     00000029  ___bank_tilemap_27                 tilemap_27
     00000029  ___bank_tilemap_3                  tilemap_3
     00000029  ___bank_tilemap_4                  tilemap_4
     00000029  ___bank_tilemap_47                 tilemap_47
     00000029  ___bank_tilemap_5                  tilemap_5
     00000029  ___bank_tilemap_50                 tilemap_50
     00000029  ___bank_tilemap_51                 tilemap_51
     00000029  ___bank_tilemap_52                 tilemap_52
     00000029  ___bank_tilemap_57                 tilemap_57
     00000029  ___bank_tilemap_58                 tilemap_58
     00000029  ___bank_tilemap_59                 tilemap_59
     00000029  ___bank_tilemap_6                  tilemap_6
     00000029  ___bank_tilemap_60                 tilemap_60
     00000029  ___bank_tilemap_61                 tilemap_61
ASxxxx Linker V03.00 + NoICE + sdld,  page 13.
Hexadecimal  [32-Bits]

Area                                    Addr        Size        Decimal Bytes (Attributes)
--------------------------------        ----        ----        ------- ----- ------------
.  .ABS.                            00000000    00000000 =           0. bytes (ABS,CON)

      Value  Global                              Global Defined In Module
      -----  --------------------------------   ------------------------
     00000029  ___bank_tilemap_62                 tilemap_62
     00000029  ___bank_tilemap_63                 tilemap_63
     00000029  ___bank_tilemap_65                 tilemap_65
     00000029  ___bank_tilemap_66                 tilemap_66
     00000029  ___bank_tilemap_67                 tilemap_67
     00000029  ___bank_tilemap_7                  tilemap_7
     00000029  ___bank_tilemap_8                  tilemap_8
     00000029  ___bank_tilemap_9                  tilemap_9
     00000029  ___bank_tilemap_attr_0             tilemap_attr_0
     00000029  ___bank_tilemap_attr_1             tilemap_attr_1
     00000029  ___bank_tilemap_attr_10            tilemap_attr_10
     00000029  ___bank_tilemap_attr_2             tilemap_attr_2
     00000029  ___bank_tilemap_attr_28            tilemap_attr_28
     00000029  ___bank_tilemap_attr_29            tilemap_attr_29
     00000029  ___bank_tilemap_attr_3             tilemap_attr_3
     00000029  ___bank_tilemap_attr_34            tilemap_attr_34
     00000029  ___bank_tilemap_attr_35            tilemap_attr_35
     0000002A  ___bank_scene_20_actors            scene_20_actors
     0000002A  ___bank_scene_24_actors            scene_24_actors
     0000002A  ___bank_scene_30_actors            scene_30_actors
     0000002A  ___bank_scene_4_actors             scene_4_actors
     0000002A  ___bank_scene_67_actors            scene_67_actors
     0000002A  ___bank_scene_81_actors            scene_81_actors
     0000002A  ___bank_scene_93_actors            scene_93_actors
     0000002A  ___bank_scene_9_actors             scene_9_actors
     0000002A  ___bank_script_s103_init           script_s103_init
     0000002A  ___bank_script_s104_init           script_s104_init
     0000002A  ___bank_script_s105_init           script_s105_init
     0000002A  ___bank_script_s13_init            script_s13_init
     0000002A  ___bank_script_s17a0_interact      script_s17a0_interact
     0000002A  ___bank_script_s24a0_interact      script_s24a0_interact
     0000002A  ___bank_script_s24a1_interact      script_s24a1_interact
     0000002A  ___bank_script_s26_init            script_s26_init
     0000002A  ___bank_script_s26a4_interact      script_s26a4_interact
     0000002A  ___bank_script_s29_init            script_s29_init
     0000002A  ___bank_script_s30_init            script_s30_init
     0000002A  ___bank_script_s30t2_interact      script_s30t2_interact
     0000002A  ___bank_script_s30t8_interact      script_s30t8_interact
     0000002A  ___bank_script_s30t9_interact      script_s30t9_interact
     0000002A  ___bank_script_s36a0_interact      script_s36a0_interact
     0000002A  ___bank_script_s37_init            script_s37_init
     0000002A  ___bank_script_s40_init            script_s40_init
     0000002A  ___bank_script_s4t0_interact       script_s4t0_interact
     0000002A  ___bank_script_s4t1_interact       script_s4t1_interact
     0000002A  ___bank_script_s4t7_interact       script_s4t7_interact
     0000002A  ___bank_script_s53a0_interact      script_s53a0_interact
     0000002A  ___bank_script_s54a0_interact      script_s54a0_interact
     0000002A  ___bank_script_s56a0_interact      script_s56a0_interact
     0000002A  ___bank_script_s56a1_interact      script_s56a1_interact
     0000002A  ___bank_script_s63a1_interact      script_s63a1_interact
     0000002A  ___bank_script_s65t1_interact      script_s65t1_interact
ASxxxx Linker V03.00 + NoICE + sdld,  page 14.
Hexadecimal  [32-Bits]

Area                                    Addr        Size        Decimal Bytes (Attributes)
--------------------------------        ----        ----        ------- ----- ------------
.  .ABS.                            00000000    00000000 =           0. bytes (ABS,CON)

      Value  Global                              Global Defined In Module
      -----  --------------------------------   ------------------------
     0000002A  ___bank_script_s73t1_interact      script_s73t1_interact
     0000002A  ___bank_script_s94_init            script_s94_init
     0000002A  ___bank_script_s95_init            script_s95_init
     0000002A  ___bank_script_s95t0_interact      script_s95t0_interact
     0000002A  ___bank_script_s95t13_interact     script_s95t13_interact
     0000002A  ___bank_spritesheet_1              spritesheet_1
     0000002A  ___bank_tilemap_attr_36            tilemap_attr_36
     0000002A  ___bank_tilemap_attr_37            tilemap_attr_37
     0000002A  ___bank_tilemap_attr_38            tilemap_attr_38
     0000002A  ___bank_tilemap_attr_39            tilemap_attr_39
     0000002A  ___bank_tilemap_attr_4             tilemap_attr_4
     0000002A  ___bank_tilemap_attr_40            tilemap_attr_40
     0000002A  ___bank_tilemap_attr_42            tilemap_attr_42
     0000002A  ___bank_tilemap_attr_43            tilemap_attr_43
     0000002A  ___bank_tilemap_attr_5             tilemap_attr_5
     0000002A  ___bank_tilemap_attr_6             tilemap_attr_6
     0000002A  ___bank_tilemap_attr_7             tilemap_attr_7
     0000002A  ___bank_tilemap_attr_8             tilemap_attr_8
     0000002A  ___bank_tileset_43                 tileset_43
     0000002A  ___bank_tileset_59                 tileset_59
     0000002A  ___bank_tileset_76                 tileset_76
     0000002A  ___bank_tileset_77                 tileset_77
     0000002B  ___bank_background_1               background_1
     0000002B  ___bank_scene_0_actors             scene_0_actors
     0000002B  ___bank_scene_20_triggers          scene_20_triggers
     0000002B  ___bank_scene_23_actors            scene_23_actors
     0000002B  ___bank_scene_30_triggers          scene_30_triggers
     0000002B  ___bank_scene_31_actors            scene_31_actors
     0000002B  ___bank_scene_40_actors            scene_40_actors
     0000002B  ___bank_scene_40_triggers          scene_40_triggers
     0000002B  ___bank_scene_48_actors            scene_48_actors
     0000002B  ___bank_scene_53_triggers          scene_53_triggers
     0000002B  ___bank_scene_54_triggers          scene_54_triggers
     0000002B  ___bank_scene_55_actors            scene_55_actors
     0000002B  ___bank_scene_56_actors            scene_56_actors
     0000002B  ___bank_scene_56_triggers          scene_56_triggers
     0000002B  ___bank_scene_67_triggers          scene_67_triggers
     0000002B  ___bank_scene_68_triggers          scene_68_triggers
     0000002B  ___bank_scene_74_actors            scene_74_actors
     0000002B  ___bank_scene_78_actors            scene_78_actors
     0000002B  ___bank_scene_78_triggers          scene_78_triggers
     0000002B  ___bank_scene_79_triggers          scene_79_triggers
     0000002B  ___bank_script_input_0             script_input_0
     0000002B  ___bank_script_s0t2_interact       script_s0t2_interact
     0000002B  ___bank_script_s0t3_interact       script_s0t3_interact
     0000002B  ___bank_script_s100_init           script_s100_init
     0000002B  ___bank_script_s10_init            script_s10_init
     0000002B  ___bank_script_s13t2_interact      script_s13t2_interact
     0000002B  ___bank_script_s14_init            script_s14_init
     0000002B  ___bank_script_s17a1_interact      script_s17a1_interact
     0000002B  ___bank_script_s19a1_interact      script_s19a1_interact
ASxxxx Linker V03.00 + NoICE + sdld,  page 15.
Hexadecimal  [32-Bits]

Area                                    Addr        Size        Decimal Bytes (Attributes)
--------------------------------        ----        ----        ------- ----- ------------
.  .ABS.                            00000000    00000000 =           0. bytes (ABS,CON)

      Value  Global                              Global Defined In Module
      -----  --------------------------------   ------------------------
     0000002B  ___bank_script_s20_init            script_s20_init
     0000002B  ___bank_script_s20a3_interact      script_s20a3_interact
     0000002B  ___bank_script_s20a4_interact      script_s20a4_interact
     0000002B  ___bank_script_s20t2_interact      script_s20t2_interact
     0000002B  ___bank_script_s20t3_interact      script_s20t3_interact
     0000002B  ___bank_script_s23t0_interact      script_s23t0_interact
     0000002B  ___bank_script_s26a5_interact      script_s26a5_interact
     0000002B  ___bank_script_s26a6_interact      script_s26a6_interact
     0000002B  ___bank_script_s26t2_interact      script_s26t2_interact
     0000002B  ___bank_script_s26t3_interact      script_s26t3_interact
     0000002B  ___bank_script_s27_init            script_s27_init
     0000002B  ___bank_script_s28_init            script_s28_init
     0000002B  ___bank_script_s30t3_interact      script_s30t3_interact
     0000002B  ___bank_script_s38t4_interact      script_s38t4_interact
     0000002B  ___bank_script_s39t7_interact      script_s39t7_interact
     0000002B  ___bank_script_s47_init            script_s47_init
     0000002B  ___bank_script_s48a0_interact      script_s48a0_interact
     0000002B  ___bank_script_s48a1_interact      script_s48a1_interact
     0000002B  ___bank_script_s4_init             script_s4_init
     0000002B  ___bank_script_s4t2_interact       script_s4t2_interact
     0000002B  ___bank_script_s4t3_interact       script_s4t3_interact
     0000002B  ___bank_script_s52t3_interact      script_s52t3_interact
     0000002B  ___bank_script_s53t4_interact      script_s53t4_interact
     0000002B  ___bank_script_s53t7_interact      script_s53t7_interact
     0000002B  ___bank_script_s54t12_interact     script_s54t12_interact
     0000002B  ___bank_script_s54t4_interact      script_s54t4_interact
     0000002B  ___bank_script_s55a0_interact      script_s55a0_interact
     0000002B  ___bank_script_s55a1_interact      script_s55a1_interact
     0000002B  ___bank_script_s56t19_interact     script_s56t19_interact
     0000002B  ___bank_script_s56t6_interact      script_s56t6_interact
     0000002B  ___bank_script_s59a0_interact      script_s59a0_interact
     0000002B  ___bank_script_s65a1_interact      script_s65a1_interact
     0000002B  ___bank_script_s66_init            script_s66_init
     0000002B  ___bank_script_s68t12_interact     script_s68t12_interact
     0000002B  ___bank_script_s68t17_interact     script_s68t17_interact
     0000002B  ___bank_script_s70a0_interact      script_s70a0_interact
     0000002B  ___bank_script_s71_init            script_s71_init
     0000002B  ___bank_script_s71a0_interact      script_s71a0_interact
     0000002B  ___bank_script_s71a1_interact      script_s71a1_interact
     0000002B  ___bank_script_s75_init            script_s75_init
     0000002B  ___bank_script_s79t17_interact     script_s79t17_interact
     0000002B  ___bank_script_s79t4_interact      script_s79t4_interact
     0000002B  ___bank_script_s83t0_interact      script_s83t0_interact
     0000002B  ___bank_script_s84_init            script_s84_init
     0000002B  ___bank_spritesheet_17             spritesheet_17
     0000002B  ___bank_spritesheet_3              spritesheet_3
     0000002B  ___bank_spritesheet_36             spritesheet_36
     0000002B  ___bank_spritesheet_37             spritesheet_37
     0000002B  ___bank_spritesheet_9              spritesheet_9
     0000002B  ___bank_tileset_42                 tileset_42
     0000002B  ___bank_tileset_52                 tileset_52
ASxxxx Linker V03.00 + NoICE + sdld,  page 16.
Hexadecimal  [32-Bits]

Area                                    Addr        Size        Decimal Bytes (Attributes)
--------------------------------        ----        ----        ------- ----- ------------
.  .ABS.                            00000000    00000000 =           0. bytes (ABS,CON)

      Value  Global                              Global Defined In Module
      -----  --------------------------------   ------------------------
     0000002B  ___bank_tileset_53                 tileset_53
     0000002B  ___bank_tileset_55                 tileset_55
     0000002B  ___bank_tileset_69                 tileset_69
     0000002B  ___bank_tileset_70                 tileset_70
     0000002B  ___bank_tileset_75                 tileset_75
     0000002C  ___bank_frame_image                frame_image
     0000002C  ___bank_palette_0                  palette_0
     0000002C  ___bank_scene_100_actors           scene_100_actors
     0000002C  ___bank_scene_11_actors            scene_11_actors
     0000002C  ___bank_scene_12_actors            scene_12_actors
     0000002C  ___bank_scene_14_actors            scene_14_actors
     0000002C  ___bank_scene_15_actors            scene_15_actors
     0000002C  ___bank_scene_16_actors            scene_16_actors
     0000002C  ___bank_scene_17_actors            scene_17_actors
     0000002C  ___bank_scene_18_actors            scene_18_actors
     0000002C  ___bank_scene_19_actors            scene_19_actors
     0000002C  ___bank_scene_22_actors            scene_22_actors
     0000002C  ___bank_scene_25_actors            scene_25_actors
     0000002C  ___bank_scene_26_triggers          scene_26_triggers
     0000002C  ___bank_scene_2_actors             scene_2_actors
     0000002C  ___bank_scene_32_actors            scene_32_actors
     0000002C  ___bank_scene_32_triggers          scene_32_triggers
     0000002C  ___bank_scene_33_actors            scene_33_actors
     0000002C  ___bank_scene_34_actors            scene_34_actors
     0000002C  ___bank_scene_35_actors            scene_35_actors
     0000002C  ___bank_scene_36_actors            scene_36_actors
     0000002C  ___bank_scene_38_actors            scene_38_actors
     0000002C  ___bank_scene_39_actors            scene_39_actors
     0000002C  ___bank_scene_39_triggers          scene_39_triggers
     0000002C  ___bank_scene_52_actors            scene_52_actors
     0000002C  ___bank_scene_57_actors            scene_57_actors
     0000002C  ___bank_scene_60_actors            scene_60_actors
     0000002C  ___bank_scene_61_actors            scene_61_actors
     0000002C  ___bank_scene_62_actors            scene_62_actors
     0000002C  ___bank_scene_63_actors            scene_63_actors
     0000002C  ___bank_scene_65_actors            scene_65_actors
     0000002C  ___bank_scene_65_triggers          scene_65_triggers
     0000002C  ___bank_scene_71_actors            scene_71_actors
     0000002C  ___bank_scene_72_actors            scene_72_actors
     0000002C  ___bank_scene_73_actors            scene_73_actors
     0000002C  ___bank_scene_73_triggers          scene_73_triggers
     0000002C  ___bank_scene_77_triggers          scene_77_triggers
     0000002C  ___bank_scene_80_actors            scene_80_actors
     0000002C  ___bank_scene_83_actors            scene_83_actors
     0000002C  ___bank_scene_87_actors            scene_87_actors
     0000002C  ___bank_scene_95_triggers          scene_95_triggers
     0000002C  ___bank_scene_96_actors            scene_96_actors
     0000002C  ___bank_scene_97_actors            scene_97_actors
     0000002C  ___bank_scene_98_triggers          scene_98_triggers
     0000002C  ___bank_scene_99_triggers          scene_99_triggers
     0000002C  ___bank_script_s0a3_interact       script_s0a3_interact
ASxxxx Linker V03.00 + NoICE + sdld,  page 17.
Hexadecimal  [32-Bits]

Area                                    Addr        Size        Decimal Bytes (Attributes)
--------------------------------        ----        ----        ------- ----- ------------
.  .ABS.                            00000000    00000000 =           0. bytes (ABS,CON)

      Value  Global                              Global Defined In Module
      -----  --------------------------------   ------------------------
     0000002C  ___bank_script_s11a1_interact      script_s11a1_interact
     0000002C  ___bank_script_s12a1_interact      script_s12a1_interact
     0000002C  ___bank_script_s13a0_update        script_s13a0_update
     0000002C  ___bank_script_s15a0_update        script_s15a0_update
     0000002C  ___bank_script_s15a1_interact      script_s15a1_interact
     0000002C  ___bank_script_s15a2_interact      script_s15a2_interact
     0000002C  ___bank_script_s17a0_update        script_s17a0_update
     0000002C  ___bank_script_s17a2_interact      script_s17a2_interact
     0000002C  ___bank_script_s18a1_interact      script_s18a1_interact
     0000002C  ___bank_script_s1_init             script_s1_init
     0000002C  ___bank_script_s20a6_interact      script_s20a6_interact
     0000002C  ___bank_script_s20t5_interact      script_s20t5_interact
     0000002C  ___bank_script_s20t6_interact      script_s20t6_interact
     0000002C  ___bank_script_s20t8_interact      script_s20t8_interact
     0000002C  ___bank_script_s22a0_interact      script_s22a0_interact
     0000002C  ___bank_script_s22a2_interact      script_s22a2_interact
     0000002C  ___bank_script_s24t2_interact      script_s24t2_interact
     0000002C  ___bank_script_s25t1_interact      script_s25t1_interact
     0000002C  ___bank_script_s26a8_interact      script_s26a8_interact
     0000002C  ___bank_script_s26t8_interact      script_s26t8_interact
     0000002C  ___bank_script_s30a6_interact      script_s30a6_interact
     0000002C  ___bank_script_s30t10_interact     script_s30t10_interact
     0000002C  ___bank_script_s31a2_interact      script_s31a2_interact
     0000002C  ___bank_script_s31t9_interact      script_s31t9_interact
     0000002C  ___bank_script_s32a2_interact      script_s32a2_interact
     0000002C  ___bank_script_s33a1_interact      script_s33a1_interact
     0000002C  ___bank_script_s34a1_interact      script_s34a1_interact
     0000002C  ___bank_script_s35a1_interact      script_s35a1_interact
     0000002C  ___bank_script_s36_init            script_s36_init
     0000002C  ___bank_script_s38t0_interact      script_s38t0_interact
     0000002C  ___bank_script_s38t3_interact      script_s38t3_interact
     0000002C  ___bank_script_s38t9_interact      script_s38t9_interact
     0000002C  ___bank_script_s3_init             script_s3_init
     0000002C  ___bank_script_s40a3_interact      script_s40a3_interact
     0000002C  ___bank_script_s40t10_interact     script_s40t10_interact
     0000002C  ___bank_script_s40t13_interact     script_s40t13_interact
     0000002C  ___bank_script_s48t2_interact      script_s48t2_interact
     0000002C  ___bank_script_s4a1_interact       script_s4a1_interact
     0000002C  ___bank_script_s4a2_interact       script_s4a2_interact
     0000002C  ___bank_script_s4t4_interact       script_s4t4_interact
     0000002C  ___bank_script_s4t5_interact       script_s4t5_interact
     0000002C  ___bank_script_s4t6_interact       script_s4t6_interact
     0000002C  ___bank_script_s51_init            script_s51_init
     0000002C  ___bank_script_s51t1_interact      script_s51t1_interact
     0000002C  ___bank_script_s53t16_interact     script_s53t16_interact
     0000002C  ___bank_script_s55t2_interact      script_s55t2_interact
     0000002C  ___bank_script_s56a3_interact      script_s56a3_interact
     0000002C  ___bank_script_s56t22_interact     script_s56t22_interact
     0000002C  ___bank_script_s57a1_interact      script_s57a1_interact
     0000002C  ___bank_script_s57t1_interact      script_s57t1_interact
     0000002C  ___bank_script_s58t5_interact      script_s58t5_interact
ASxxxx Linker V03.00 + NoICE + sdld,  page 18.
Hexadecimal  [32-Bits]

Area                                    Addr        Size        Decimal Bytes (Attributes)
--------------------------------        ----        ----        ------- ----- ------------
.  .ABS.                            00000000    00000000 =           0. bytes (ABS,CON)

      Value  Global                              Global Defined In Module
      -----  --------------------------------   ------------------------
     0000002C  ___bank_script_s59t1_interact      script_s59t1_interact
     0000002C  ___bank_script_s5_init             script_s5_init
     0000002C  ___bank_script_s60t1_interact      script_s60t1_interact
     0000002C  ___bank_script_s61t1_interact      script_s61t1_interact
     0000002C  ___bank_script_s62t1_interact      script_s62t1_interact
     0000002C  ___bank_script_s65t9_interact      script_s65t9_interact
     0000002C  ___bank_script_s67a3_interact      script_s67a3_interact
     0000002C  ___bank_script_s67a4_interact      script_s67a4_interact
     0000002C  ___bank_script_s67t11_interact     script_s67t11_interact
     0000002C  ___bank_script_s67t22_interact     script_s67t22_interact
     0000002C  ___bank_script_s68a0_interact      script_s68a0_interact
     0000002C  ___bank_script_s69t1_interact      script_s69t1_interact
     0000002C  ___bank_script_s69t2_interact      script_s69t2_interact
     0000002C  ___bank_script_s69t3_interact      script_s69t3_interact
     0000002C  ___bank_script_s6_init             script_s6_init
     0000002C  ___bank_script_s70t3_interact      script_s70t3_interact
     0000002C  ___bank_script_s71t0_interact      script_s71t0_interact
     0000002C  ___bank_script_s72a1_interact      script_s72a1_interact
     0000002C  ___bank_script_s72t1_interact      script_s72t1_interact
     0000002C  ___bank_script_s73t9_interact      script_s73t9_interact
     0000002C  ___bank_script_s76_init            script_s76_init
     0000002C  ___bank_script_s77t1_interact      script_s77t1_interact
     0000002C  ___bank_script_s78a3_interact      script_s78a3_interact
     0000002C  ___bank_script_s78t11_interact     script_s78t11_interact
     0000002C  ___bank_script_s78t22_interact     script_s78t22_interact
     0000002C  ___bank_script_s79a0_interact      script_s79a0_interact
     0000002C  ___bank_script_s7_init             script_s7_init
     0000002C  ___bank_script_s80a2_interact      script_s80a2_interact
     0000002C  ___bank_script_s81_init            script_s81_init
     0000002C  ___bank_script_s81a4_interact      script_s81a4_interact
     0000002C  ___bank_script_s83a0_interact      script_s83a0_interact
     0000002C  ___bank_script_s83a1_interact      script_s83a1_interact
     0000002C  ___bank_script_s83a2_interact      script_s83a2_interact
     0000002C  ___bank_script_s85_init            script_s85_init
     0000002C  ___bank_script_s93_init            script_s93_init
     0000002C  ___bank_script_s96a1_interact      script_s96a1_interact
     0000002C  ___bank_script_s9_init             script_s9_init
     0000002C  ___bank_spritesheet_0              spritesheet_0
     0000002C  ___bank_spritesheet_27             spritesheet_27
     0000002C  ___bank_spritesheet_28             spritesheet_28
     0000002C  ___bank_tileset_44                 tileset_44
     0000002C  ___bank_tileset_45                 tileset_45
     0000002C  ___bank_tileset_47                 tileset_47
     0000002C  ___bank_tileset_64                 tileset_64
     0000002C  ___bank_tileset_71                 tileset_71
     0000002C  ___bank_tileset_73                 tileset_73
     0000002D  ___bank_scene_31_triggers          scene_31_triggers
     0000002D  ___bank_scene_38_triggers          scene_38_triggers
     0000002D  ___bank_scene_52_triggers          scene_52_triggers
     0000002D  ___bank_scene_80_triggers          scene_80_triggers
     0000002D  ___bank_script_s0t5_interact       script_s0t5_interact
ASxxxx Linker V03.00 + NoICE + sdld,  page 19.
Hexadecimal  [32-Bits]

Area                                    Addr        Size        Decimal Bytes (Attributes)
--------------------------------        ----        ----        ------- ----- ------------
.  .ABS.                            00000000    00000000 =           0. bytes (ABS,CON)

      Value  Global                              Global Defined In Module
      -----  --------------------------------   ------------------------
     0000002D  ___bank_script_s11_init            script_s11_init
     0000002D  ___bank_script_s13t0_interact      script_s13t0_interact
     0000002D  ___bank_script_s13t1_interact      script_s13t1_interact
     0000002D  ___bank_script_s13t3_interact      script_s13t3_interact
     0000002D  ___bank_script_s13t4_interact      script_s13t4_interact
     0000002D  ___bank_script_s13t5_interact      script_s13t5_interact
     0000002D  ___bank_script_s16t2_interact      script_s16t2_interact
     0000002D  ___bank_script_s18_init            script_s18_init
     0000002D  ___bank_script_s19_init            script_s19_init
     0000002D  ___bank_script_s20t10_interact     script_s20t10_interact
     0000002D  ___bank_script_s20t11_interact     script_s20t11_interact
     0000002D  ___bank_script_s20t12_interact     script_s20t12_interact
     0000002D  ___bank_script_s20t13_interact     script_s20t13_interact
     0000002D  ___bank_script_s20t15_interact     script_s20t15_interact
     0000002D  ___bank_script_s24_init            script_s24_init
     0000002D  ___bank_script_s26a1_interact      script_s26a1_interact
     0000002D  ___bank_script_s26a2_interact      script_s26a2_interact
     0000002D  ___bank_script_s26t10_interact     script_s26t10_interact
     0000002D  ___bank_script_s26t12_interact     script_s26t12_interact
     0000002D  ___bank_script_s26t13_interact     script_s26t13_interact
     0000002D  ___bank_script_s26t14_interact     script_s26t14_interact
     0000002D  ___bank_script_s26t15_interact     script_s26t15_interact
     0000002D  ___bank_script_s30a4_interact      script_s30a4_interact
     0000002D  ___bank_script_s30a5_interact      script_s30a5_interact
     0000002D  ___bank_script_s30t21_interact     script_s30t21_interact
     0000002D  ___bank_script_s30t22_interact     script_s30t22_interact
     0000002D  ___bank_script_s30t23_interact     script_s30t23_interact
     0000002D  ___bank_script_s30t24_interact     script_s30t24_interact
     0000002D  ___bank_script_s30t25_interact     script_s30t25_interact
     0000002D  ___bank_script_s30t6_interact      script_s30t6_interact
     0000002D  ___bank_script_s31a0_interact      script_s31a0_interact
     0000002D  ___bank_script_s31t3_interact      script_s31t3_interact
     0000002D  ___bank_script_s31t4_interact      script_s31t4_interact
     0000002D  ___bank_script_s31t7_interact      script_s31t7_interact
     0000002D  ___bank_script_s31t8_interact      script_s31t8_interact
     0000002D  ___bank_script_s32a0_interact      script_s32a0_interact
     0000002D  ___bank_script_s32t11_interact     script_s32t11_interact
     0000002D  ___bank_script_s32t3_interact      script_s32t3_interact
     0000002D  ___bank_script_s32t4_interact      script_s32t4_interact
     0000002D  ___bank_script_s32t5_interact      script_s32t5_interact
     0000002D  ___bank_script_s32t6_interact      script_s32t6_interact
     0000002D  ___bank_script_s32t7_interact      script_s32t7_interact
     0000002D  ___bank_script_s32t8_interact      script_s32t8_interact
     0000002D  ___bank_script_s38a0_interact      script_s38a0_interact
     0000002D  ___bank_script_s38t7_interact      script_s38t7_interact
     0000002D  ___bank_script_s38t8_interact      script_s38t8_interact
     0000002D  ___bank_script_s39a0_interact      script_s39a0_interact
     0000002D  ___bank_script_s39a1_interact      script_s39a1_interact
     0000002D  ___bank_script_s39t10_interact     script_s39t10_interact
     0000002D  ___bank_script_s39t14_interact     script_s39t14_interact
     0000002D  ___bank_script_s39t15_interact     script_s39t15_interact
ASxxxx Linker V03.00 + NoICE + sdld,  page 20.
Hexadecimal  [32-Bits]

Area                                    Addr        Size        Decimal Bytes (Attributes)
--------------------------------        ----        ----        ------- ----- ------------
.  .ABS.                            00000000    00000000 =           0. bytes (ABS,CON)

      Value  Global                              Global Defined In Module
      -----  --------------------------------   ------------------------
     0000002D  ___bank_script_s39t16_interact     script_s39t16_interact
     0000002D  ___bank_script_s39t2_interact      script_s39t2_interact
     0000002D  ___bank_script_s39t3_interact      script_s39t3_interact
     0000002D  ___bank_script_s39t4_interact      script_s39t4_interact
     0000002D  ___bank_script_s39t5_interact      script_s39t5_interact
     0000002D  ___bank_script_s39t6_interact      script_s39t6_interact
     0000002D  ___bank_script_s40a1_interact      script_s40a1_interact
     0000002D  ___bank_script_s40a2_interact      script_s40a2_interact
     0000002D  ___bank_script_s40t21_interact     script_s40t21_interact
     0000002D  ___bank_script_s40t22_interact     script_s40t22_interact
     0000002D  ___bank_script_s40t23_interact     script_s40t23_interact
     0000002D  ___bank_script_s40t24_interact     script_s40t24_interact
     0000002D  ___bank_script_s40t25_interact     script_s40t25_interact
     0000002D  ___bank_script_s40t6_interact      script_s40t6_interact
     0000002D  ___bank_script_s41_init            script_s41_init
     0000002D  ___bank_script_s42_init            script_s42_init
     0000002D  ___bank_script_s43_init            script_s43_init
     0000002D  ___bank_script_s44_init            script_s44_init
     0000002D  ___bank_script_s45_init            script_s45_init
     0000002D  ___bank_script_s46_init            script_s46_init
     0000002D  ___bank_script_s48t0_interact      script_s48t0_interact
     0000002D  ___bank_script_s52a0_interact      script_s52a0_interact
     0000002D  ___bank_script_s52t4_interact      script_s52t4_interact
     0000002D  ___bank_script_s52t7_interact      script_s52t7_interact
     0000002D  ___bank_script_s52t8_interact      script_s52t8_interact
     0000002D  ___bank_script_s53t11_interact     script_s53t11_interact
     0000002D  ___bank_script_s53t12_interact     script_s53t12_interact
     0000002D  ___bank_script_s53t20_interact     script_s53t20_interact
     0000002D  ___bank_script_s53t21_interact     script_s53t21_interact
     0000002D  ___bank_script_s53t3_interact      script_s53t3_interact
     0000002D  ___bank_script_s53t5_interact      script_s53t5_interact
     0000002D  ___bank_script_s53t6_interact      script_s53t6_interact
     0000002D  ___bank_script_s53t8_interact      script_s53t8_interact
     0000002D  ___bank_script_s54t11_interact     script_s54t11_interact
     0000002D  ___bank_script_s54t13_interact     script_s54t13_interact
     0000002D  ___bank_script_s54t14_interact     script_s54t14_interact
     0000002D  ___bank_script_s54t3_interact      script_s54t3_interact
     0000002D  ___bank_script_s54t5_interact      script_s54t5_interact
     0000002D  ___bank_script_s54t6_interact      script_s54t6_interact
     0000002D  ___bank_script_s54t7_interact      script_s54t7_interact
     0000002D  ___bank_script_s54t8_interact      script_s54t8_interact
     0000002D  ___bank_script_s55t0_interact      script_s55t0_interact
     0000002D  ___bank_script_s56t10_interact     script_s56t10_interact
     0000002D  ___bank_script_s56t12_interact     script_s56t12_interact
     0000002D  ___bank_script_s56t2_interact      script_s56t2_interact
     0000002D  ___bank_script_s56t3_interact      script_s56t3_interact
     0000002D  ___bank_script_s56t4_interact      script_s56t4_interact
     0000002D  ___bank_script_s56t7_interact      script_s56t7_interact
     0000002D  ___bank_script_s58t1_interact      script_s58t1_interact
     0000002D  ___bank_script_s58t2_interact      script_s58t2_interact
     0000002D  ___bank_script_s58t3_interact      script_s58t3_interact
ASxxxx Linker V03.00 + NoICE + sdld,  page 21.
Hexadecimal  [32-Bits]

Area                                    Addr        Size        Decimal Bytes (Attributes)
--------------------------------        ----        ----        ------- ----- ------------
.  .ABS.                            00000000    00000000 =           0. bytes (ABS,CON)

      Value  Global                              Global Defined In Module
      -----  --------------------------------   ------------------------
     0000002D  ___bank_script_s59t0_interact      script_s59t0_interact
     0000002D  ___bank_script_s65a0_interact      script_s65a0_interact
     0000002D  ___bank_script_s65a2_update        script_s65a2_update
     0000002D  ___bank_script_s65t4_interact      script_s65t4_interact
     0000002D  ___bank_script_s65t7_interact      script_s65t7_interact
     0000002D  ___bank_script_s65t8_interact      script_s65t8_interact
     0000002D  ___bank_script_s67a0_interact      script_s67a0_interact
     0000002D  ___bank_script_s67a1_interact      script_s67a1_interact
     0000002D  ___bank_script_s67t10_interact     script_s67t10_interact
     0000002D  ___bank_script_s67t12_interact     script_s67t12_interact
     0000002D  ___bank_script_s67t2_interact      script_s67t2_interact
     0000002D  ___bank_script_s67t3_interact      script_s67t3_interact
     0000002D  ___bank_script_s67t4_interact      script_s67t4_interact
     0000002D  ___bank_script_s67t7_interact      script_s67t7_interact
     0000002D  ___bank_script_s68t11_interact     script_s68t11_interact
     0000002D  ___bank_script_s68t13_interact     script_s68t13_interact
     0000002D  ___bank_script_s68t14_interact     script_s68t14_interact
     0000002D  ___bank_script_s68t3_interact      script_s68t3_interact
     0000002D  ___bank_script_s68t5_interact      script_s68t5_interact
     0000002D  ___bank_script_s68t6_interact      script_s68t6_interact
     0000002D  ___bank_script_s68t7_interact      script_s68t7_interact
     0000002D  ___bank_script_s68t8_interact      script_s68t8_interact
     0000002D  ___bank_script_s72_init            script_s72_init
     0000002D  ___bank_script_s73a0_interact      script_s73a0_interact
     0000002D  ___bank_script_s73a1_interact      script_s73a1_interact
     0000002D  ___bank_script_s73a1_update        script_s73a1_update
     0000002D  ___bank_script_s73t4_interact      script_s73t4_interact
     0000002D  ___bank_script_s73t7_interact      script_s73t7_interact
     0000002D  ___bank_script_s73t8_interact      script_s73t8_interact
     0000002D  ___bank_script_s74_init            script_s74_init
     0000002D  ___bank_script_s77a0_interact      script_s77a0_interact
     0000002D  ___bank_script_s77a0_update        script_s77a0_update
     0000002D  ___bank_script_s77t4_interact      script_s77t4_interact
     0000002D  ___bank_script_s77t7_interact      script_s77t7_interact
     0000002D  ___bank_script_s77t8_interact      script_s77t8_interact
     0000002D  ___bank_script_s77t9_interact      script_s77t9_interact
     0000002D  ___bank_script_s78a0_interact      script_s78a0_interact
     0000002D  ___bank_script_s78a1_interact      script_s78a1_interact
     0000002D  ___bank_script_s78t10_interact     script_s78t10_interact
     0000002D  ___bank_script_s78t12_interact     script_s78t12_interact
     0000002D  ___bank_script_s78t2_interact      script_s78t2_interact
     0000002D  ___bank_script_s78t3_interact      script_s78t3_interact
     0000002D  ___bank_script_s78t4_interact      script_s78t4_interact
     0000002D  ___bank_script_s78t7_interact      script_s78t7_interact
     0000002D  ___bank_script_s79t11_interact     script_s79t11_interact
     0000002D  ___bank_script_s79t13_interact     script_s79t13_interact
     0000002D  ___bank_script_s79t14_interact     script_s79t14_interact
     0000002D  ___bank_script_s79t3_interact      script_s79t3_interact
     0000002D  ___bank_script_s79t5_interact      script_s79t5_interact
     0000002D  ___bank_script_s79t6_interact      script_s79t6_interact
     0000002D  ___bank_script_s79t7_interact      script_s79t7_interact
ASxxxx Linker V03.00 + NoICE + sdld,  page 22.
Hexadecimal  [32-Bits]

Area                                    Addr        Size        Decimal Bytes (Attributes)
--------------------------------        ----        ----        ------- ----- ------------
.  .ABS.                            00000000    00000000 =           0. bytes (ABS,CON)

      Value  Global                              Global Defined In Module
      -----  --------------------------------   ------------------------
     0000002D  ___bank_script_s79t8_interact      script_s79t8_interact
     0000002D  ___bank_script_s80a0_interact      script_s80a0_interact
[...]
C:/Users/Bartek/AppData/Local/Temp/_gbsbuild/obj/tilemap_attr_0.rel
                                          [ tilemap_attr_0 ]
C:/Users/Bartek/AppData/Local/Temp/_gbsbuild/obj/tilemap_attr_1.rel
                                          [ tilemap_attr_1 ]
C:/Users/Bartek/AppData/Local/Temp/_gbsbuild/obj/tilemap_attr_10.rel
                                          [ tilemap_attr_10 ]
C:/Users/Bartek/AppData/Local/Temp/_gbsbuild/obj/tilemap_attr_11.rel
                                          [ tilemap_attr_11 ]
C:/Users/Bartek/AppData/Local/Temp/_gbsbuild/obj/tilemap_attr_12.rel
                                          [ tilemap_attr_12 ]
C:/Users/Bartek/AppData/Local/Temp/_gbsbuild/obj/tilemap_attr_13.rel
                                          [ tilemap_attr_13 ]
C:/Users/Bartek/AppData/Local/Temp/_gbsbuild/obj/tilemap_attr_14.rel
                                          [ tilemap_attr_14 ]
C:/Users/Bartek/AppData/Local/Temp/_gbsbuild/obj/tilemap_attr_15.rel
                                          [ tilemap_attr_15 ]
C:/Users/Bartek/AppData/Local/Temp/_gbsbuild/obj/tilemap_attr_16.rel
                                          [ tilemap_attr_16 ]
C:/Users/Bartek/AppData/Local/Temp/_gbsbuild/obj/tilemap_attr_17.rel
                                          [ tilemap_attr_17 ]
C:/Users/Bartek/AppData/Local/Temp/_gbsbuild/obj/tilemap_attr_18.rel
                                          [ tilemap_attr_18 ]
C:/Users/Bartek/AppData/Local/Temp/_gbsbuild/obj/tilemap_attr_19.rel
                                          [ tilemap_attr_19 ]
C:/Users/Bartek/AppData/Local/Temp/_gbsbuild/obj/tilemap_attr_2.rel
                                          [ tilemap_attr_2 ]
C:/Users/Bartek/AppData/Local/Temp/_gbsbuild/obj/tilemap_attr_20.rel
                                          [ tilemap_attr_20 ]
C:/Users/Bartek/AppData/Local/Temp/_gbsbuild/obj/tilemap_attr_21.rel
                                          [ tilemap_attr_21 ]
C:/Users/Bartek/AppData/Local/Temp/_gbsbuild/obj/tilemap_attr_22.rel
                                          [ tilemap_attr_22 ]
C:/Users/Bartek/AppData/Local/Temp/_gbsbuild/obj/tilemap_attr_23.rel
                                          [ tilemap_attr_23 ]
C:/Users/Bartek/AppData/Local/Temp/_gbsbuild/obj/tilemap_attr_24.rel
                                          [ tilemap_attr_24 ]
C:/Users/Bartek/AppData/Local/Temp/_gbsbuild/obj/tilemap_attr_25.rel
                                          [ tilemap_attr_25 ]
C:/Users/Bartek/AppData/Local/Temp/_gbsbuild/obj/tilemap_attr_26.rel
                                          [ tilemap_attr_26 ]
C:/Users/Bartek/AppData/Local/Temp/_gbsbuild/obj/tilemap_attr_27.rel
                                          [ tilemap_attr_27 ]
C:/Users/Bartek/AppData/Local/Temp/_gbsbuild/obj/tilemap_attr_28.rel
                                          [ tilemap_attr_28 ]
C:/Users/Bartek/AppData/Local/Temp/_gbsbuild/obj/tilemap_attr_29.rel
                                          [ tilemap_attr_29 ]
C:/Users/Bartek/AppData/Local/Temp/_gbsbuild/obj/tilemap_attr_3.rel
                                          [ tilemap_attr_3 ]
C:/Users/Bartek/AppData/Local/Temp/_gbsbuild/obj/tilemap_attr_30.rel
                                          [ tilemap_attr_30 ]
C:/Users/Bartek/AppData/Local/Temp/_gbsbuild/obj/tilemap_attr_31.rel
                                          [ tilemap_attr_31 ]
C:/Users/Bartek/AppData/Local/Temp/_gbsbuild/obj/tilemap_attr_32.rel
                                          [ tilemap_attr_32 ]
C:/Users/Bartek/AppData/Local/Temp/_gbsbuild/obj/tilemap_attr_33.rel
                                          [ tilemap_attr_33 ]
C:/Users/Bartek/AppData/Local/Temp/_gbsbuild/obj/tilemap_attr_34.rel
                                          [ tilemap_attr_34 ]
C:/Users/Bartek/AppData/Local/Temp/_gbsbuild/obj/tilemap_attr_35.rel
                                          [ tilemap_attr_35 ]
C:/Users/Bartek/AppData/Local/Temp/_gbsbuild/obj/tilemap_attr_36.rel
                                          [ tilemap_attr_36 ]
C:/Users/Bartek/AppData/Local/Temp/_gbsbuild/obj/tilemap_attr_37.rel
                                          [ tilemap_attr_37 ]
C:/Users/Bartek/AppData/Local/Temp/_gbsbuild/obj/tilemap_attr_38.rel
                                          [ tilemap_attr_38 ]
C:/Users/Bartek/AppData/Local/Temp/_gbsbuild/obj/tilemap_attr_39.rel
                                          [ tilemap_attr_39 ]
C:/Users/Bartek/AppData/Local/Temp/_gbsbuild/obj/tilemap_attr_4.rel
                                          [ tilemap_attr_4 ]
C:/Users/Bartek/AppData/Local/Temp/_gbsbuild/obj/tilemap_attr_40.rel
                                          [ tilemap_attr_40 ]
C:/Users/Bartek/AppData/Local/Temp/_gbsbuild/obj/tilemap_attr_41.rel
                                          [ tilemap_attr_41 ]
C:/Users/Bartek/AppData/Local/Temp/_gbsbuild/obj/tilemap_attr_42.rel
                                          [ tilemap_attr_42 ]
C:/Users/Bartek/AppData/Local/Temp/_gbsbuild/obj/tilemap_attr_43.rel
                                          [ tilemap_attr_43 ]
C:/Users/Bartek/AppData/Local/Temp/_gbsbuild/obj/tilemap_attr_5.rel
                                          [ tilemap_attr_5 ]
C:/Users/Bartek/AppData/Local/Temp/_gbsbuild/obj/tilemap_attr_6.rel
                                          [ tilemap_attr_6 ]
C:/Users/Bartek/AppData/Local/Temp/_gbsbuild/obj/tilemap_attr_7.rel
                                          [ tilemap_attr_7 ]
C:/Users/Bartek/AppData/Local/Temp/_gbsbuild/obj/tilemap_attr_8.rel
                                          [ tilemap_attr_8 ]
C:/Users/Bartek/AppData/Local/Temp/_gbsbuild/obj/tilemap_attr_9.rel
                                          [ tilemap_attr_9 ]
C:/Users/Bartek/AppData/Local/Temp/_gbsbuild/obj/tileset_0.rel
                                          [ tileset_0 ]
C:/Users/Bartek/AppData/Local/Temp/_gbsbuild/obj/tileset_1.rel
                                          [ tileset_1 ]
C:/Users/Bartek/AppData/Local/Temp/_gbsbuild/obj/tileset_10.rel
                                          [ tileset_10 ]
C:/Users/Bartek/AppData/Local/Temp/_gbsbuild/obj/tileset_11.rel
                                          [ tileset_11 ]
C:/Users/Bartek/AppData/Local/Temp/_gbsbuild/obj/tileset_12.rel
                                          [ tileset_12 ]
C:/Users/Bartek/AppData/Local/Temp/_gbsbuild/obj/tileset_13.rel
                                          [ tileset_13 ]
C:/Users/Bartek/AppData/Local/Temp/_gbsbuild/obj/tileset_14.rel
                                          [ tileset_14 ]
C:/Users/Bartek/AppData/Local/Temp/_gbsbuild/obj/tileset_15.rel
                                          [ tileset_15 ]
C:/Users/Bartek/AppData/Local/Temp/_gbsbuild/obj/tileset_16.rel
                                          [ tileset_16 ]
C:/Users/Bartek/AppData/Local/Temp/_gbsbuild/obj/tileset_17.rel
                                          [ tileset_17 ]
C:/Users/Bartek/AppData/Local/Temp/_gbsbuild/obj/tileset_18.rel
                                          [ tileset_18 ]
C:/Users/Bartek/AppData/Local/Temp/_gbsbuild/obj/tileset_19.rel
                                          [ tileset_19 ]
C:/Users/Bartek/AppData/Local/Temp/_gbsbuild/obj/tileset_2.rel
                                          [ tileset_2 ]
C:/Users/Bartek/AppData/Local/Temp/_gbsbuild/obj/tileset_20.rel
                                          [ tileset_20 ]
C:/Users/Bartek/AppData/Local/Temp/_gbsbuild/obj/tileset_21.rel
                                          [ tileset_21 ]
C:/Users/Bartek/AppData/Local/Temp/_gbsbuild/obj/tileset_22.rel
                                          [ tileset_22 ]
C:/Users/Bartek/AppData/Local/Temp/_gbsbuild/obj/tileset_23.rel
                                          [ tileset_23 ]
C:/Users/Bartek/AppData/Local/Temp/_gbsbuild/obj/tileset_24.rel
                                          [ tileset_24 ]
C:/Users/Bartek/AppData/Local/Temp/_gbsbuild/obj/tileset_25.rel
                                          [ tileset_25 ]
C:/Users/Bartek/AppData/Local/Temp/_gbsbuild/obj/tileset_26.rel
                                          [ tileset_26 ]
C:/Users/Bartek/AppData/Local/Temp/_gbsbuild/obj/tileset_27.rel
                                          [ tileset_27 ]
C:/Users/Bartek/AppData/Local/Temp/_gbsbuild/obj/tileset_28.rel
                                          [ tileset_28 ]
C:/Users/Bartek/AppData/Local/Temp/_gbsbuild/obj/tileset_29.rel
                                          [ tileset_29 ]
C:/Users/Bartek/AppData/Local/Temp/_gbsbuild/obj/tileset_3.rel
                                          [ tileset_3 ]
C:/Users/Bartek/AppData/Local/Temp/_gbsbuild/obj/tileset_30.rel
                                          [ tileset_30 ]
C:/Users/Bartek/AppData/Local/Temp/_gbsbuild/obj/tileset_31.rel
                                          [ tileset_31 ]
C:/Users/Bartek/AppData/Local/Temp/_gbsbuild/obj/tileset_32.rel
                                          [ tileset_32 ]
C:/Users/Bartek/AppData/Local/Temp/_gbsbuild/obj/tileset_33.rel
                                          [ tileset_33 ]
C:/Users/Bartek/AppData/Local/Temp/_gbsbuild/obj/tileset_34.rel
                                          [ tileset_34 ]
C:/Users/Bartek/AppData/Local/Temp/_gbsbuild/obj/tileset_35.rel
                                          [ tileset_35 ]
C:/Users/Bartek/AppData/Local/Temp/_gbsbuild/obj/tileset_36.rel
                                          [ tileset_36 ]
C:/Users/Bartek/AppData/Local/Temp/_gbsbuild/obj/tileset_37.rel
                                          [ tileset_37 ]
C:/Users/Bartek/AppData/Local/Temp/_gbsbuild/obj/tileset_38.rel
                                          [ tileset_38 ]
C:/Users/Bartek/AppData/Local/Temp/_gbsbuild/obj/tileset_39.rel
                                          [ tileset_39 ]
C:/Users/Bartek/AppData/Local/Temp/_gbsbuild/obj/tileset_4.rel
                                          [ tileset_4 ]
C:/Users/Bartek/AppData/Local/Temp/_gbsbuild/obj/tileset_40.rel
                                          [ tileset_40 ]
C:/Users/Bartek/AppData/Local/Temp/_gbsbuild/obj/tileset_41.rel
                                          [ tileset_41 ]
C:/Users/Bartek/AppData/Local/Temp/_gbsbuild/obj/tileset_42.rel
                                          [ tileset_42 ]
C:/Users/Bartek/AppData/Local/Temp/_gbsbuild/obj/tileset_43.rel
                                          [ tileset_43 ]
C:/Users/Bartek/AppData/Local/Temp/_gbsbuild/obj/tileset_44.rel
                                          [ tileset_44 ]
C:/Users/Bartek/AppData/Local/Temp/_gbsbuild/obj/tileset_45.rel
                                          [ tileset_45 ]
C:/Users/Bartek/AppData/Local/Temp/_gbsbuild/obj/tileset_46.rel
                                          [ tileset_46 ]
C:/Users/Bartek/AppData/Local/Temp/_gbsbuild/obj/tileset_47.rel
                                          [ tileset_47 ]
C:/Users/Bartek/AppData/Local/Temp/_gbsbuild/obj/tileset_48.rel
                                          [ tileset_48 ]
C:/Users/Bartek/AppData/Local/Temp/_gbsbuild/obj/tileset_49.rel
                                          [ tileset_49 ]
C:/Users/Bartek/AppData/Local/Temp/_gbsbuild/obj/tileset_5.rel
                                          [ tileset_5 ]
C:/Users/Bartek/AppData/Local/Temp/_gbsbuild/obj/tileset_50.rel
                                          [ tileset_50 ]
C:/Users/Bartek/AppData/Local/Temp/_gbsbuild/obj/tileset_51.rel
                                          [ tileset_51 ]
C:/Users/Bartek/AppData/Local/Temp/_gbsbuild/obj/tileset_52.rel
                                          [ tileset_52 ]
C:/Users/Bartek/AppData/Local/Temp/_gbsbuild/obj/tileset_53.rel
                                          [ tileset_53 ]
C:/Users/Bartek/AppData/Local/Temp/_gbsbuild/obj/tileset_54.rel
                                          [ tileset_54 ]
C:/Users/Bartek/AppData/Local/Temp/_gbsbuild/obj/tileset_55.rel
                                          [ tileset_55 ]
C:/Users/Bartek/AppData/Local/Temp/_gbsbuild/obj/tileset_56.rel
                                          [ tileset_56 ]
C:/Users/Bartek/AppData/Local/Temp/_gbsbuild/obj/tileset_57.rel
                                          [ tileset_57 ]
C:/Users/Bartek/AppData/Local/Temp/_gbsbuild/obj/tileset_58.rel
                                          [ tileset_58 ]
C:/Users/Bartek/AppData/Local/Temp/_gbsbuild/obj/tileset_59.rel
                                          [ tileset_59 ]
C:/Users/Bartek/AppData/Local/Temp/_gbsbuild/obj/tileset_6.rel
                                          [ tileset_6 ]
C:/Users/Bartek/AppData/Local/Temp/_gbsbuild/obj/tileset_60.rel
                                          [ tileset_60 ]
C:/Users/Bartek/AppData/Local/Temp/_gbsbuild/obj/tileset_61.rel
                                          [ tileset_61 ]
C:/Users/Bartek/AppData/Local/Temp/_gbsbuild/obj/tileset_62.rel
                                          [ tileset_62 ]
C:/Users/Bartek/AppData/Local/Temp/_gbsbuild/obj/tileset_63.rel
                                          [ tileset_63 ]
C:/Users/Bartek/AppData/Local/Temp/_gbsbuild/obj/tileset_64.rel
                                          [ tileset_64 ]
C:/Users/Bartek/AppData/Local/Temp/_gbsbuild/obj/tileset_65.rel
                                          [ tileset_65 ]
C:/Users/Bartek/AppData/Local/Temp/_gbsbuild/obj/tileset_66.rel
                                          [ tileset_66 ]
C:/Users/Bartek/AppData/Local/Temp/_gbsbuild/obj/tileset_67.rel
                                          [ tileset_67 ]
C:/Users/Bartek/AppData/Local/Temp/_gbsbuild/obj/tileset_68.rel
                                          [ tileset_68 ]
C:/Users/Bartek/AppData/Local/Temp/_gbsbuild/obj/tileset_69.rel
                                          [ tileset_69 ]
C:/Users/Bartek/AppData/Local/Temp/_gbsbuild/obj/tileset_7.rel
                                          [ tileset_7 ]
C:/Users/Bartek/AppData/Local/Temp/_gbsbuild/obj/tileset_70.rel
                                          [ tileset_70 ]
C:/Users/Bartek/AppData/Local/Temp/_gbsbuild/obj/tileset_71.rel
                                          [ tileset_71 ]
C:/Users/Bartek/AppData/Local/Temp/_gbsbuild/obj/tileset_72.rel
                                          [ tileset_72 ]
C:/Users/Bartek/AppData/Local/Temp/_gbsbuild/obj/tileset_73.rel
                                          [ tileset_73 ]
C:/Users/Bartek/AppData/Local/Temp/_gbsbuild/obj/tileset_74.rel
                                          [ tileset_74 ]
C:/Users/Bartek/AppData/Local/Temp/_gbsbuild/obj/tileset_75.rel
                                          [ tileset_75 ]
C:/Users/Bartek/AppData/Local/Temp/_gbsbuild/obj/tileset_76.rel
                                          [ tileset_76 ]
C:/Users/Bartek/AppData/Local/Temp/_gbsbuild/obj/tileset_77.rel
                                          [ tileset_77 ]
C:/Users/Bartek/AppData/Local/Temp/_gbsbuild/obj/tileset_8.rel
                                          [ tileset_8 ]
C:/Users/Bartek/AppData/Local/Temp/_gbsbuild/obj/tileset_9.rel
                                          [ tileset_9 ]
C:/Users/Bartek/AppData/Local/Temp/_gbsbuild/obj/main.rel
                                          [ main ]
C:/Users/Bartek/AppData/Local/Temp/_gbsbuild/obj/adventure.rel
                                          [ adventure ]
C:/Users/Bartek/AppData/Local/Temp/_gbsbuild/obj/logo.rel
                                          [ logo ]
C:/Users/Bartek/AppData/Local/Temp/_gbsbuild/obj/platform.rel
                                          [ platform ]
C:/Users/Bartek/AppData/Local/Temp/_gbsbuild/obj/pointnclick.rel
                                          [ pointnclick ]
C:/Users/Bartek/AppData/Local/Temp/_gbsbuild/obj/shmup.rel
                                          [ shmup ]
C:/Users/Bartek/AppData/Local/Temp/_gbsbuild/obj/states_ptrs.rel
                                          [  ]
C:/Users/Bartek/AppData/Local/Temp/_gbsbuild/obj/topdown.rel
                                          [ topdown ]


Libraries Linked                          [ object file ]

C:\Users\Bartek\AppData\Local\Temp/_gbstools/gbdk/lib/small/asxxxx/gb/gb.lib
                                          [ fill_rect_wi.o ]
lib/hUGEDriver.lib                        [ hUGEDriver.obj.o ]
C:\Users\Bartek\AppData\Local\Temp/_gbstools/gbdk/lib/small/asxxxx/gbz80/gbz80.lib
                                          [ rand.o ]
C:\Users\Bartek\AppData\Local\Temp/_gbstools/gbdk/lib/small/asxxxx/gb/gb.lib
                                          [ sfr.o ]
C:\Users\Bartek\AppData\Local\Temp/_gbstools/gbdk/lib/small/asxxxx/gb/gb.lib
                                          [ cgb_palettes.o ]
C:\Users\Bartek\AppData\Local\Temp/_gbstools/gbdk/lib/small/asxxxx/gb/gb.lib
                                          [ metasprites_hide_spr.o ]
C:\Users\Bartek\AppData\Local\Temp/_gbstools/gbdk/lib/small/asxxxx/gbz80/gbz80.lib
                                          [ mul.o ]
C:\Users\Bartek\AppData\Local\Temp/_gbstools/gbdk/lib/small/asxxxx/gbz80/gbz80.lib
                                          [ abs.o ]
C:\Users\Bartek\AppData\Local\Temp/_gbstools/gbdk/lib/small/asxxxx/gb/gb.lib
                                          [ set_wi_t.o ]
C:\Users\Bartek\AppData\Local\Temp/_gbstools/gbdk/lib/small/asxxxx/gb/gb.lib
                                          [ set_data.o ]
C:\Users\Bartek\AppData\Local\Temp/_gbstools/gbdk/lib/small/asxxxx/gbz80/gbz80.lib
                                          [ reverse.o ]
C:\Users\Bartek\AppData\Local\Temp/_gbstools/gbdk/lib/small/asxxxx/gb/gb.lib
                                          [ far_ptr.o ]
C:\Users\Bartek\AppData\Local\Temp/_gbstools/gbdk/lib/small/asxxxx/gb/gb.lib
                                          [ sgb.o ]
C:\Users\Bartek\AppData\Local\Temp/_gbstools/gbdk/lib/small/asxxxx/gb/gb.lib
                                          [ lcd.o ]
C:\Users\Bartek\AppData\Local\Temp/_gbstools/gbdk/lib/small/asxxxx/gb/gb.lib
                                          [ fill_rect.o ]
C:\Users\Bartek\AppData\Local\Temp/_gbstools/gbdk/lib/small/asxxxx/gb/gb.lib
                                          [ cpy_data.o ]
C:\Users\Bartek\AppData\Local\Temp/_gbstools/gbdk/lib/small/asxxxx/gb/gb.lib
                                          [ fill_rect_bk.o ]
C:\Users\Bartek\AppData\Local\Temp/_gbstools/gbdk/lib/small/asxxxx/gb/gb.lib
                                          [ pad.o ]
C:\Users\Bartek\AppData\Local\Temp/_gbstools/gbdk/lib/small/asxxxx/gb/gb.lib
                                          [ metasprites.o ]
C:\Users\Bartek\AppData\Local\Temp/_gbstools/gbdk/lib/small/asxxxx/gbz80/gbz80.lib
                                          [ __sdcc_call_hl.o ]
C:\Users\Bartek\AppData\Local\Temp/_gbstools/gbdk/lib/small/asxxxx/gbz80/gbz80.lib
                                          [ _memcpy.o ]
C:\Users\Bartek\AppData\Local\Temp/_gbstools/gbdk/lib/small/asxxxx/gbz80/gbz80.lib
                                          [ _memset.o ]
C:\Users\Bartek\AppData\Local\Temp/_gbstools/gbdk/lib/small/asxxxx/gb/gb.lib
                                          [ ___sdcc_bcall_ehl.o ]
C:\Users\Bartek\AppData\Local\Temp/_gbstools/gbdk/lib/small/asxxxx/gb/gb.lib
                                          [ cgb.o ]
C:\Users\Bartek\AppData\Local\Temp/_gbstools/gbdk/lib/small/asxxxx/gbz80/gbz80.lib
                                          [ div.o ]
C:\Users\Bartek\AppData\Local\Temp/_gbstools/gbdk/lib/small/asxxxx/gb/gb.lib
                                          [ set_bk_t.o ]
C:\Users\Bartek\AppData\Local\Temp/_gbstools/gbdk/lib/small/asxxxx/gb/gb.lib
                                          [ set_xy_t.o ]

ASxxxx Linker V03.00 + NoICE + sdld,  page 168.

User Base Address Definitions

_DATA=0xC0A0
_CODE=0x0200
ASxxxx Linker V03.00 + NoICE + sdld,  page 169.

User Global Definitions

.STACK=0xDF00
_shadow_OAM=0xC000
.refresh_OAM=0xFF80
__start_save=60

